#
# There is insufficient memory for the Java Runtime Environment to continue.
# Native memory allocation (malloc) failed to allocate 1048576 bytes. Error detail: AllocateHeap
# Possible reasons:
#   The system is out of physical RAM or swap space
#   This process is running with CompressedOops enabled, and the Java Heap may be blocking the growth of the native heap
# Possible solutions:
#   Reduce memory load on the system
#   Increase physical memory or swap space
#   Check if swap backing store is full
#   Decrease Java heap size (-Xmx/-Xms)
#   Decrease number of Java threads
#   Decrease Java thread stack sizes (-Xss)
#   Set larger code cache with -XX:ReservedCodeCacheSize=
#   JVM is running with Unscaled Compressed Oops mode in which the Java heap is
#     placed in the first 4GB address space. The Java Heap base address is the
#     maximum limit for the native heap growth. Please use -XX:HeapBaseMinAddress
#     to set the Java Heap base and to place the Java Heap above 4GB virtual address.
# This output file may be truncated or incomplete.
#
#  Out of Memory Error (allocation.cpp:44), pid=12220, tid=908
#
# JRE version: OpenJDK Runtime Environment Temurin-21.0.12.1+1 (21.0.12.1+1) (build 21.0.12.1+1-LTS)
# Java VM: OpenJDK 64-Bit Server VM Temurin-21.0.12.1+1 (21.0.12.1+1-LTS, mixed mode, sharing, tiered, compressed oops, compressed class ptrs, parallel gc, windows-amd64)
# No core dump will be written. Minidumps are not enabled by default on client versions of Windows
#

---------------  S U M M A R Y ------------

Command Line: --add-modules=ALL-SYSTEM --add-opens=java.base/java.util=ALL-UNNAMED --add-opens=java.base/java.lang=ALL-UNNAMED --add-opens=java.base/sun.nio.fs=ALL-UNNAMED -Declipse.application=org.eclipse.jdt.ls.core.id1 -Dosgi.bundles.defaultStartLevel=4 -Declipse.product=org.eclipse.jdt.ls.core.product -Djava.import.generatesMetadataFilesAtProjectRoot=false -Dm2e.project.cache.size=50 -DDetectVMInstallationsJob.disabled=true -Dfile.encoding=utf8 -XX:+UseParallelGC -XX:GCTimeRatio=4 -XX:AdaptiveSizePolicyWeight=90 -Dsun.zip.disableMemoryMapping=true -Xmx2G -Xms100m -Xlog:disable -javaagent:c:\Users\vikas\.vscode\extensions\redhat.java-1.56.0-win32-x64\lombok\lombok-1.18.39-4050.jar -XX:+HeapDumpOnOutOfMemoryError -XX:HeapDumpPath=c:\Users\vikas\AppData\Roaming\Code\User\workspaceStorage\981e67a25f5644db602018611c5be947\redhat.java -Daether.dependencyCollector.impl=bf c:\Users\vikas\.vscode\extensions\redhat.java-1.56.0-win32-x64\server\plugins\org.eclipse.equinox.launcher_1.8.0.v20260804-1928.jar -configuration c:\Users\vikas\AppData\Roaming\Code\User\globalStorage\redhat.java\1.56.0\config_win -data c:\Users\vikas\AppData\Roaming\Code\User\workspaceStorage\981e67a25f5644db602018611c5be947\redhat.java\jdt_ws --stdio

Host: AMD Ryzen 3 3200U with Radeon Vega Mobile Gfx  , 4 cores, 5G,  Windows 11 , 64 bit Build 26100 (10.0.26100.9444)
Time: Tue Sep 22 08:56:52 2026 India Standard Time elapsed time: 458.992252 seconds (0d 0h 7m 38s)

---------------  T H R E A D  ---------------

Current thread (0x0000020a2a6d4f10):  JavaThread "Attach Listener" daemon [_thread_in_vm, id=908, stack(0x0000003b0f800000,0x0000003b0f900000) (1024K)]

Stack: [0x0000003b0f800000,0x0000003b0f900000]
Native frames: (J=compiled Java code, j=interpreted, Vv=VM code, C=native code)
V  [jvm.dll+0x6d83e9]
V  [jvm.dll+0x8b5736]
V  [jvm.dll+0x8b7cee]
V  [jvm.dll+0x8b83d3]
V  [jvm.dll+0x284596]
V  [jvm.dll+0xc13c7]
V  [jvm.dll+0x6d8c99]
V  [jvm.dll+0x133616]
V  [jvm.dll+0x3f8aae]
V  [jvm.dll+0x8600cd]
V  [jvm.dll+0x6d6c1d]
C  [ucrtbase.dll+0x2cd30]
C  [KERNEL32.DLL+0x2cd87]
C  [ntdll.dll+0xacaec]


---------------  P R O C E S S  ---------------

Threads class SMR info:
_java_thread_list=0x0000020a74012c20, length=28, elements={
0x0000020a11a898d0, 0x0000020a13d9a6d0, 0x0000020a13d9ccb0, 0x0000020a2a6d22a0,
0x0000020a2a6d4f10, 0x0000020a2a6d5b70, 0x0000020a2a6d85e0, 0x0000020a2a6d9370,
0x0000020a2a7511c0, 0x0000020a6c600cc0, 0x0000020a6c5f5820, 0x0000020a7125bb70,
0x0000020a7129d7f0, 0x0000020a712b70b0, 0x0000020a717ed250, 0x0000020a7171a710,
0x0000020a71717290, 0x0000020a717199f0, 0x0000020a71718640, 0x0000020a72379d90,
0x0000020a72377cc0, 0x0000020a72377630, 0x0000020a72376910, 0x0000020a7237aab0,
0x0000020a6c657eb0, 0x0000020a6c65aca0, 0x0000020a6c658bd0, 0x0000020a6c659f80
}

Java Threads: ( => current thread )
  0x0000020a11a898d0 JavaThread "main"                              [_thread_blocked, id=3888, stack(0x0000003b0f100000,0x0000003b0f200000) (1024K)]
  0x0000020a13d9a6d0 JavaThread "Reference Handler"          daemon [_thread_blocked, id=15060, stack(0x0000003b0f500000,0x0000003b0f600000) (1024K)]
  0x0000020a13d9ccb0 JavaThread "Finalizer"                  daemon [_thread_blocked, id=16540, stack(0x0000003b0f600000,0x0000003b0f700000) (1024K)]
  0x0000020a2a6d22a0 JavaThread "Signal Dispatcher"          daemon [_thread_blocked, id=15868, stack(0x0000003b0f700000,0x0000003b0f800000) (1024K)]
=>0x0000020a2a6d4f10 JavaThread "Attach Listener"            daemon [_thread_in_vm, id=908, stack(0x0000003b0f800000,0x0000003b0f900000) (1024K)]
  0x0000020a2a6d5b70 JavaThread "Service Thread"             daemon [_thread_blocked, id=11292, stack(0x0000003b0f900000,0x0000003b0fa00000) (1024K)]
  0x0000020a2a6d85e0 JavaThread "Monitor Deflation Thread"   daemon [_thread_blocked, id=10816, stack(0x0000003b0fa00000,0x0000003b0fb00000) (1024K)]
  0x0000020a2a6d9370 JavaThread "C2 CompilerThread0"         daemon [_thread_blocked, id=12284, stack(0x0000003b0fb00000,0x0000003b0fc00000) (1024K)]
  0x0000020a2a7511c0 JavaThread "C1 CompilerThread0"         daemon [_thread_blocked, id=3912, stack(0x0000003b0fc00000,0x0000003b0fd00000) (1024K)]
  0x0000020a6c600cc0 JavaThread "Common-Cleaner"             daemon [_thread_blocked, id=7976, stack(0x0000003b0fd00000,0x0000003b0fe00000) (1024K)]
  0x0000020a6c5f5820 JavaThread "Notification Thread"        daemon [_thread_blocked, id=3224, stack(0x0000003b0fe00000,0x0000003b0ff00000) (1024K)]
  0x0000020a7125bb70 JavaThread "Active Thread: Equinox Container: b5db0163-6439-498a-8b3b-fd44e2e21532"        [_thread_blocked, id=17008, stack(0x0000003b10600000,0x0000003b10700000) (1024K)]
  0x0000020a7129d7f0 JavaThread "Framework Event Dispatcher: Equinox Container: b5db0163-6439-498a-8b3b-fd44e2e21532" daemon [_thread_blocked, id=5504, stack(0x0000003b10700000,0x0000003b10800000) (1024K)]
  0x0000020a712b70b0 JavaThread "Start Level: Equinox Container: b5db0163-6439-498a-8b3b-fd44e2e21532" daemon [_thread_blocked, id=12276, stack(0x0000003b10800000,0x0000003b10900000) (1024K)]
  0x0000020a717ed250 JavaThread "Bundle File Closer"         daemon [_thread_blocked, id=11060, stack(0x0000003b10900000,0x0000003b10a00000) (1024K)]
  0x0000020a7171a710 JavaThread "Refresh Thread: Equinox Container: b5db0163-6439-498a-8b3b-fd44e2e21532" daemon [_thread_blocked, id=18332, stack(0x0000003b10a00000,0x0000003b10b00000) (1024K)]
  0x0000020a71717290 JavaThread "SCR Component Actor"        daemon [_thread_blocked, id=17580, stack(0x0000003b10200000,0x0000003b10300000) (1024K)]
  0x0000020a717199f0 JavaThread "Worker-JM"                         [_thread_blocked, id=3128, stack(0x0000003b10300000,0x0000003b10400000) (1024K)]
  0x0000020a71718640 JavaThread "Java indexing"              daemon [_thread_blocked, id=16460, stack(0x0000003b10d00000,0x0000003b10e00000) (1024K)]
  0x0000020a72379d90 JavaThread "JNA Cleaner"                daemon [_thread_blocked, id=14896, stack(0x0000003b10e00000,0x0000003b10f00000) (1024K)]
  0x0000020a72377cc0 JavaThread "Worker-5"                          [_thread_blocked, id=13444, stack(0x0000003b11200000,0x0000003b11300000) (1024K)]
  0x0000020a72377630 JavaThread "pool-2-thread-1"                   [_thread_blocked, id=13172, stack(0x0000003b11300000,0x0000003b11400000) (1024K)]
  0x0000020a72376910 JavaThread "WorkspaceEventsHandler"            [_thread_blocked, id=14608, stack(0x0000003b11400000,0x0000003b11500000) (1024K)]
  0x0000020a7237aab0 JavaThread "pool-1-thread-1"                   [_thread_in_native, id=13332, stack(0x0000003b11500000,0x0000003b11600000) (1024K)]
  0x0000020a6c657eb0 JavaThread "PatternSearchJob-worker-2"  daemon [_thread_blocked, id=16364, stack(0x0000003b12400000,0x0000003b12500000) (1024K)]
  0x0000020a6c65aca0 JavaThread "Cleaner-0"                  daemon [_thread_blocked, id=12476, stack(0x0000003b12500000,0x0000003b12600000) (1024K)]
  0x0000020a6c658bd0 JavaThread "Worker-6"                          [_thread_blocked, id=13680, stack(0x0000003b0f000000,0x0000003b0f100000) (1024K)]
  0x0000020a6c659f80 JavaThread "ForkJoinPool.commonPool-worker-4" daemon [_thread_blocked, id=2364, stack(0x0000003b10400000,0x0000003b10500000) (1024K)]
Total: 28

Other Threads:
  0x0000020a13d80b90 VMThread "VM Thread"                           [id=7624, stack(0x0000003b0f400000,0x0000003b0f500000) (1024K)]
  0x0000020a2a66ca00 WatcherThread "VM Periodic Task Thread"        [id=2924, stack(0x0000003b0f300000,0x0000003b0f400000) (1024K)]
  0x0000020a13cfd2a0 WorkerThread "GC Thread#0"                     [id=17240, stack(0x0000003b0f200000,0x0000003b0f300000) (1024K)]
  0x0000020a71217be0 WorkerThread "GC Thread#1"                     [id=13668, stack(0x0000003b0ff00000,0x0000003b10000000) (1024K)]
  0x0000020a7103c4a0 WorkerThread "GC Thread#2"                     [id=9528, stack(0x0000003b10000000,0x0000003b10100000) (1024K)]
  0x0000020a71058ba0 WorkerThread "GC Thread#3"                     [id=3472, stack(0x0000003b10100000,0x0000003b10200000) (1024K)]
Total: 6

Threads with active compile tasks:
Total: 0

VM state: not at safepoint (normal execution)

VM Mutex/Monitor currently owned by a thread: None

Heap address: 0x0000000080000000, size: 2048 MB, Compressed Oops mode: 32-bit

CDS archive(s) mapped at: [0x0000020a2b000000-0x0000020a2bba0000-0x0000020a2bba0000), size 12189696, SharedBaseAddress: 0x0000020a2b000000, ArchiveRelocationMode: 1.
Compressed class space mapped at: 0x0000020a2c000000-0x0000020a6c000000, reserved size: 1073741824
Narrow klass base: 0x0000020a2b000000, Narrow klass shift: 0, Narrow klass range: 0x100000000

GC Precious Log:
 CardTable entry size: 512
 CPUs: 4 total, 4 available
 Memory: 6090M
 Large Page Support: Disabled
 NUMA Support: Disabled
 Compressed Oops: Enabled (32-bit)
 Alignments: Space 512K, Generation 512K, Heap 2M
 Heap Min Capacity: 100M
 Heap Initial Capacity: 100M
 Heap Max Capacity: 2G
 Pre-touch: Disabled
 Parallel Workers: 4

Heap:
 PSYoungGen      total 2560K, used 797K [0x00000000d5580000, 0x00000000d5900000, 0x0000000100000000)
  eden space 2048K, 19% used [0x00000000d5580000,0x00000000d55e6648,0x00000000d5780000)
  from space 512K, 75% used [0x00000000d5800000,0x00000000d5860df8,0x00000000d5880000)
  to   space 512K, 0% used [0x00000000d5880000,0x00000000d5880000,0x00000000d5900000)
 ParOldGen       total 430592K, used 430301K [0x0000000080000000, 0x000000009a480000, 0x00000000d5580000)
  object space 430592K, 99% used [0x0000000080000000,0x000000009a437730,0x000000009a480000)
 Metaspace       used 77217K, committed 78784K, reserved 1179648K
  class space    used 8288K, committed 8960K, reserved 1048576K

Card table byte_map: [0x0000020a13680000,0x0000020a13a90000] _byte_map_base: 0x0000020a13280000

Marking Bits: (ParMarkBitMap*) 0x00007ffe879a44a0
 Begin Bits: [0x0000020a26190000, 0x0000020a28190000)
 End Bits:   [0x0000020a28190000, 0x0000020a2a190000)

Polling page: 0x0000020a11db0000

Metaspace:

Usage:
  Non-class:     67.31 MB used.
      Class:      8.09 MB used.
       Both:     75.41 MB used.

Virtual space:
  Non-class space:      128.00 MB reserved,      68.19 MB ( 53%) committed,  2 nodes.
      Class space:        1.00 GB reserved,       8.75 MB ( <1%) committed,  1 nodes.
             Both:        1.12 GB reserved,      76.94 MB (  7%) committed. 

Chunk freelists:
   Non-Class:  11.58 MB
       Class:  7.21 MB
        Both:  18.78 MB

MaxMetaspaceSize: unlimited
CompressedClassSpaceSize: 1.00 GB
Initial GC threshold: 21.00 MB
Current GC threshold: 97.31 MB
CDS: on
 - commit_granule_bytes: 65536.
 - commit_granule_words: 8192.
 - virtual_space_node_default_size: 8388608.
 - enlarge_chunks_in_place: 1.
 - use_allocation_guard: 0.


Internal statistics:

num_allocs_failed_limit: 9.
num_arena_births: 1294.
num_arena_deaths: 22.
num_vsnodes_births: 3.
num_vsnodes_deaths: 0.
num_space_committed: 1231.
num_space_uncommitted: 0.
num_chunks_returned_to_freelist: 34.
num_chunks_taken_from_freelist: 4851.
num_chunk_merges: 15.
num_chunk_splits: 2921.
num_chunks_enlarged: 1588.
num_inconsistent_stats: 0.

CodeHeap 'non-profiled nmethods': size=120000Kb used=8247Kb max_used=8247Kb free=111752Kb
 bounds [0x0000020a1e9b0000, 0x0000020a1f1c0000, 0x0000020a25ee0000]
CodeHeap 'profiled nmethods': size=120000Kb used=27022Kb max_used=27022Kb free=92977Kb
 bounds [0x0000020a16ee0000, 0x0000020a18950000, 0x0000020a1e410000]
CodeHeap 'non-nmethods': size=5760Kb used=1494Kb max_used=1556Kb free=4265Kb
 bounds [0x0000020a1e410000, 0x0000020a1e680000, 0x0000020a1e9b0000]
CodeCache: size=245760Kb, used=36763Kb, max_used=36825Kb, free=208994Kb
 total_blobs=13098, nmethods=12283, adapters=719, full_count=0
Compilation: enabled, stopped_count=0, restarted_count=0

Compilation events (20 events):
Event: 366.355 Thread 0x0000020a2a6d9370 13123       4       org.eclipse.core.internal.resources.ResourceInfo::isSet (14 bytes)
Event: 366.356 Thread 0x0000020a2a6d9370 nmethod 13123 0x0000020a1f1ba310 code [0x0000020a1f1ba4a0, 0x0000020a1f1ba540]
Event: 366.356 Thread 0x0000020a2a6d9370 13124       4       java.io.OutputStream::flush (1 bytes)
Event: 366.356 Thread 0x0000020a2a6d9370 nmethod 13124 0x0000020a1f1ba610 code [0x0000020a1f1ba7a0, 0x0000020a1f1ba828]
Event: 366.359 Thread 0x0000020a2a6d9370 13125       4       org.eclipse.core.internal.resources.Resource::exists (24 bytes)
Event: 366.360 Thread 0x0000020a2a7511c0 13126       3       org.eclipse.core.runtime.SubProgressMonitor::worked (7 bytes)
Event: 366.360 Thread 0x0000020a2a6d9370 nmethod 13125 0x0000020a1f1ba910 code [0x0000020a1f1baaa0, 0x0000020a1f1bab88]
Event: 366.360 Thread 0x0000020a2a7511c0 nmethod 13126 0x0000020a18941410 code [0x0000020a189415c0, 0x0000020a18941718]
Event: 366.466 Thread 0x0000020a2a7511c0 13127       3       java.io.PrintStream::write (9 bytes)
Event: 366.466 Thread 0x0000020a2a7511c0 nmethod 13127 0x0000020a18941810 code [0x0000020a189419c0, 0x0000020a18941b20]
Event: 403.770 Thread 0x0000020a2a7511c0 13128       3       java.util.concurrent.ScheduledThreadPoolExecutor::canRunInCurrentRunState (61 bytes)
Event: 403.771 Thread 0x0000020a2a7511c0 nmethod 13128 0x0000020a18941c10 code [0x0000020a18941e20, 0x0000020a189425d0]
Event: 432.230 Thread 0x0000020a2a6d9370 13129       4       java.net.URI::decode (73 bytes)
Event: 432.231 Thread 0x0000020a2a6d9370 nmethod 13129 0x0000020a1f1bac90 code [0x0000020a1f1bae20, 0x0000020a1f1baed0]
Event: 432.232 Thread 0x0000020a2a6d9370 13130       4       sun.nio.fs.WindowsPathParser::parse (504 bytes)
Event: 432.244 Thread 0x0000020a2a7511c0 13131       3       java.lang.ThreadLocal$ThreadLocalMap$Entry::<init> (11 bytes)
Event: 432.245 Thread 0x0000020a2a7511c0 nmethod 13131 0x0000020a18942810 code [0x0000020a189429e0, 0x0000020a18942cf0]
Event: 432.247 Thread 0x0000020a2a7511c0 13132       3       java.util.regex.Pattern$Branch::study (162 bytes)
Event: 432.249 Thread 0x0000020a2a7511c0 nmethod 13132 0x0000020a18942e10 code [0x0000020a18943020, 0x0000020a189436e0]
Event: 432.299 Thread 0x0000020a2a6d9370 nmethod 13130 0x0000020a1f1baf90 code [0x0000020a1f1bb2e0, 0x0000020a1f1bcac0]

GC Heap History (20 events):
Event: 89.018 GC heap before
{Heap before GC invocations=375 (full 3):
 PSYoungGen      total 2560K, used 2543K [0x00000000d5580000, 0x00000000d5980000, 0x0000000100000000)
  eden space 2048K, 99% used [0x00000000d5580000,0x00000000d577fc78,0x00000000d5780000)
  from space 512K, 96% used [0x00000000d5880000,0x00000000d58fc010,0x00000000d5900000)
  to   space 512K, 0% used [0x00000000d5900000,0x00000000d5900000,0x00000000d5980000)
 ParOldGen       total 428544K, used 428186K [0x0000000080000000, 0x000000009a280000, 0x00000000d5580000)
  object space 428544K, 99% used [0x0000000080000000,0x000000009a2268a0,0x000000009a280000)
 Metaspace       used 76044K, committed 77568K, reserved 1179648K
  class space    used 8159K, committed 8832K, reserved 1048576K
}
Event: 89.022 GC heap after
{Heap after GC invocations=375 (full 3):
 PSYoungGen      total 2560K, used 480K [0x00000000d5580000, 0x00000000d5980000, 0x0000000100000000)
  eden space 2048K, 0% used [0x00000000d5580000,0x00000000d5580000,0x00000000d5780000)
  from space 512K, 93% used [0x00000000d5900000,0x00000000d59781c0,0x00000000d5980000)
  to   space 1024K, 0% used [0x00000000d5780000,0x00000000d5780000,0x00000000d5880000)
 ParOldGen       total 428544K, used 428482K [0x0000000080000000, 0x000000009a280000, 0x00000000d5580000)
  object space 428544K, 99% used [0x0000000080000000,0x000000009a2708a0,0x000000009a280000)
 Metaspace       used 76044K, committed 77568K, reserved 1179648K
  class space    used 8159K, committed 8832K, reserved 1048576K
}
Event: 89.087 GC heap before
{Heap before GC invocations=376 (full 3):
 PSYoungGen      total 2560K, used 2528K [0x00000000d5580000, 0x00000000d5980000, 0x0000000100000000)
  eden space 2048K, 100% used [0x00000000d5580000,0x00000000d5780000,0x00000000d5780000)
  from space 512K, 93% used [0x00000000d5900000,0x00000000d59781c0,0x00000000d5980000)
  to   space 1024K, 0% used [0x00000000d5780000,0x00000000d5780000,0x00000000d5880000)
 ParOldGen       total 428544K, used 428482K [0x0000000080000000, 0x000000009a280000, 0x00000000d5580000)
  object space 428544K, 99% used [0x0000000080000000,0x000000009a2708a0,0x000000009a280000)
 Metaspace       used 76327K, committed 77760K, reserved 1179648K
  class space    used 8187K, committed 8832K, reserved 1048576K
}
Event: 89.090 GC heap after
{Heap after GC invocations=376 (full 3):
 PSYoungGen      total 3072K, used 128K [0x00000000d5580000, 0x00000000d5980000, 0x0000000100000000)
  eden space 2048K, 0% used [0x00000000d5580000,0x00000000d5580000,0x00000000d5780000)
  from space 1024K, 12% used [0x00000000d5780000,0x00000000d57a0000,0x00000000d5880000)
  to   space 512K, 0% used [0x00000000d5900000,0x00000000d5900000,0x00000000d5980000)
 ParOldGen       total 429056K, used 428954K [0x0000000080000000, 0x000000009a300000, 0x00000000d5580000)
  object space 429056K, 99% used [0x0000000080000000,0x000000009a2e68a0,0x000000009a300000)
 Metaspace       used 76327K, committed 77760K, reserved 1179648K
  class space    used 8187K, committed 8832K, reserved 1048576K
}
Event: 89.141 GC heap before
{Heap before GC invocations=377 (full 3):
 PSYoungGen      total 3072K, used 2176K [0x00000000d5580000, 0x00000000d5980000, 0x0000000100000000)
  eden space 2048K, 100% used [0x00000000d5580000,0x00000000d5780000,0x00000000d5780000)
  from space 1024K, 12% used [0x00000000d5780000,0x00000000d57a0000,0x00000000d5880000)
  to   space 512K, 0% used [0x00000000d5900000,0x00000000d5900000,0x00000000d5980000)
 ParOldGen       total 429056K, used 428954K [0x0000000080000000, 0x000000009a300000, 0x00000000d5580000)
  object space 429056K, 99% used [0x0000000080000000,0x000000009a2e68a0,0x000000009a300000)
 Metaspace       used 76552K, committed 78016K, reserved 1179648K
  class space    used 8218K, committed 8896K, reserved 1048576K
}
Event: 89.144 GC heap after
{Heap after GC invocations=377 (full 3):
 PSYoungGen      total 2560K, used 192K [0x00000000d5580000, 0x00000000d5980000, 0x0000000100000000)
  eden space 2048K, 0% used [0x00000000d5580000,0x00000000d5580000,0x00000000d5780000)
  from space 512K, 37% used [0x00000000d5900000,0x00000000d5930000,0x00000000d5980000)
  to   space 512K, 0% used [0x00000000d5880000,0x00000000d5880000,0x00000000d5900000)
 ParOldGen       total 429056K, used 428986K [0x0000000080000000, 0x000000009a300000, 0x00000000d5580000)
  object space 429056K, 99% used [0x0000000080000000,0x000000009a2ee8a0,0x000000009a300000)
 Metaspace       used 76552K, committed 78016K, reserved 1179648K
  class space    used 8218K, committed 8896K, reserved 1048576K
}
Event: 89.276 GC heap before
{Heap before GC invocations=378 (full 3):
 PSYoungGen      total 2560K, used 2213K [0x00000000d5580000, 0x00000000d5980000, 0x0000000100000000)
  eden space 2048K, 98% used [0x00000000d5580000,0x00000000d5779598,0x00000000d5780000)
  from space 512K, 37% used [0x00000000d5900000,0x00000000d5930000,0x00000000d5980000)
  to   space 512K, 0% used [0x00000000d5880000,0x00000000d5880000,0x00000000d5900000)
 ParOldGen       total 429056K, used 428986K [0x0000000080000000, 0x000000009a300000, 0x00000000d5580000)
  object space 429056K, 99% used [0x0000000080000000,0x000000009a2ee8a0,0x000000009a300000)
 Metaspace       used 76656K, committed 78208K, reserved 1179648K
  class space    used 8239K, committed 8896K, reserved 1048576K
}
Event: 89.280 GC heap after
{Heap after GC invocations=378 (full 3):
 PSYoungGen      total 2560K, used 403K [0x00000000d5580000, 0x00000000d5980000, 0x0000000100000000)
  eden space 2048K, 0% used [0x00000000d5580000,0x00000000d5580000,0x00000000d5780000)
  from space 512K, 78% used [0x00000000d5880000,0x00000000d58e4d50,0x00000000d5900000)
  to   space 512K, 0% used [0x00000000d5900000,0x00000000d5900000,0x00000000d5980000)
 ParOldGen       total 429056K, used 429050K [0x0000000080000000, 0x000000009a300000, 0x00000000d5580000)
  object space 429056K, 99% used [0x0000000080000000,0x000000009a2fe8a0,0x000000009a300000)
 Metaspace       used 76656K, committed 78208K, reserved 1179648K
  class space    used 8239K, committed 8896K, reserved 1048576K
}
Event: 89.348 GC heap before
{Heap before GC invocations=379 (full 3):
 PSYoungGen      total 2560K, used 2451K [0x00000000d5580000, 0x00000000d5980000, 0x0000000100000000)
  eden space 2048K, 99% used [0x00000000d5580000,0x00000000d577fff0,0x00000000d5780000)
  from space 512K, 78% used [0x00000000d5880000,0x00000000d58e4d50,0x00000000d5900000)
  to   space 512K, 0% used [0x00000000d5900000,0x00000000d5900000,0x00000000d5980000)
 ParOldGen       total 429056K, used 429050K [0x0000000080000000, 0x000000009a300000, 0x00000000d5580000)
  object space 429056K, 99% used [0x0000000080000000,0x000000009a2fe8a0,0x000000009a300000)
 Metaspace       used 76657K, committed 78208K, reserved 1179648K
  class space    used 8239K, committed 8896K, reserved 1048576K
}
Event: 89.352 GC heap after
{Heap after GC invocations=379 (full 3):
 PSYoungGen      total 2560K, used 490K [0x00000000d5580000, 0x00000000d5a80000, 0x0000000100000000)
  eden space 2048K, 0% used [0x00000000d5580000,0x00000000d5580000,0x00000000d5780000)
  from space 512K, 95% used [0x00000000d5900000,0x00000000d597aa80,0x00000000d5980000)
  to   space 1536K, 0% used [0x00000000d5780000,0x00000000d5780000,0x00000000d5900000)
 ParOldGen       total 430080K, used 429687K [0x0000000080000000, 0x000000009a400000, 0x00000000d5580000)
  object space 430080K, 99% used [0x0000000080000000,0x000000009a39de00,0x000000009a400000)
 Metaspace       used 76657K, committed 78208K, reserved 1179648K
  class space    used 8239K, committed 8896K, reserved 1048576K
}
Event: 89.384 GC heap before
{Heap before GC invocations=380 (full 3):
 PSYoungGen      total 2560K, used 2538K [0x00000000d5580000, 0x00000000d5a80000, 0x0000000100000000)
  eden space 2048K, 100% used [0x00000000d5580000,0x00000000d5780000,0x00000000d5780000)
  from space 512K, 95% used [0x00000000d5900000,0x00000000d597aa80,0x00000000d5980000)
  to   space 1536K, 0% used [0x00000000d5780000,0x00000000d5780000,0x00000000d5900000)
 ParOldGen       total 430080K, used 429687K [0x0000000080000000, 0x000000009a400000, 0x00000000d5580000)
  object space 430080K, 99% used [0x0000000080000000,0x000000009a39de00,0x000000009a400000)
 Metaspace       used 76678K, committed 78208K, reserved 1179648K
  class space    used 8239K, committed 8896K, reserved 1048576K
}
Event: 89.388 GC heap after
{Heap after GC invocations=380 (full 3):
 PSYoungGen      total 3072K, used 796K [0x00000000d5580000, 0x00000000d5980000, 0x0000000100000000)
  eden space 2048K, 0% used [0x00000000d5580000,0x00000000d5580000,0x00000000d5780000)
  from space 1024K, 77% used [0x00000000d5780000,0x00000000d58471c8,0x00000000d5880000)
  to   space 1024K, 0% used [0x00000000d5880000,0x00000000d5880000,0x00000000d5980000)
 ParOldGen       total 430080K, used 429905K [0x0000000080000000, 0x000000009a400000, 0x00000000d5580000)
  object space 430080K, 99% used [0x0000000080000000,0x000000009a3d44a0,0x000000009a400000)
 Metaspace       used 76678K, committed 78208K, reserved 1179648K
  class space    used 8239K, committed 8896K, reserved 1048576K
}
Event: 89.454 GC heap before
{Heap before GC invocations=381 (full 3):
 PSYoungGen      total 3072K, used 2844K [0x00000000d5580000, 0x00000000d5980000, 0x0000000100000000)
  eden space 2048K, 100% used [0x00000000d5580000,0x00000000d5780000,0x00000000d5780000)
  from space 1024K, 77% used [0x00000000d5780000,0x00000000d58471c8,0x00000000d5880000)
  to   space 1024K, 0% used [0x00000000d5880000,0x00000000d5880000,0x00000000d5980000)
 ParOldGen       total 430080K, used 429946K [0x0000000080000000, 0x000000009a400000, 0x00000000d5580000)
  object space 430080K, 99% used [0x0000000080000000,0x000000009a3deaa8,0x000000009a400000)
 Metaspace       used 76830K, committed 78400K, reserved 1179648K
  class space    used 8246K, committed 8896K, reserved 1048576K
}
Event: 89.457 GC heap after
{Heap after GC invocations=381 (full 3):
 PSYoungGen      total 2560K, used 128K [0x00000000d5580000, 0x00000000d5900000, 0x0000000100000000)
  eden space 2048K, 0% used [0x00000000d5580000,0x00000000d5580000,0x00000000d5780000)
  from space 512K, 25% used [0x00000000d5880000,0x00000000d58a0000,0x00000000d5900000)
  to   space 512K, 0% used [0x00000000d5800000,0x00000000d5800000,0x00000000d5880000)
 ParOldGen       total 430080K, used 430074K [0x0000000080000000, 0x000000009a400000, 0x00000000d5580000)
  object space 430080K, 99% used [0x0000000080000000,0x000000009a3fe988,0x000000009a400000)
 Metaspace       used 76830K, committed 78400K, reserved 1179648K
  class space    used 8246K, committed 8896K, reserved 1048576K
}
Event: 89.503 GC heap before
{Heap before GC invocations=382 (full 3):
 PSYoungGen      total 2560K, used 2176K [0x00000000d5580000, 0x00000000d5900000, 0x0000000100000000)
  eden space 2048K, 100% used [0x00000000d5580000,0x00000000d5780000,0x00000000d5780000)
  from space 512K, 25% used [0x00000000d5880000,0x00000000d58a0000,0x00000000d5900000)
  to   space 512K, 0% used [0x00000000d5800000,0x00000000d5800000,0x00000000d5880000)
 ParOldGen       total 430080K, used 430078K [0x0000000080000000, 0x000000009a400000, 0x00000000d5580000)
  object space 430080K, 99% used [0x0000000080000000,0x000000009a3ff968,0x000000009a400000)
 Metaspace       used 76921K, committed 78528K, reserved 1179648K
  class space    used 8259K, committed 8960K, reserved 1048576K
}
Event: 89.505 GC heap after
{Heap after GC invocations=382 (full 3):
 PSYoungGen      total 2560K, used 167K [0x00000000d5580000, 0x00000000d5900000, 0x0000000100000000)
  eden space 2048K, 0% used [0x00000000d5580000,0x00000000d5580000,0x00000000d5780000)
  from space 512K, 32% used [0x00000000d5800000,0x00000000d5829e90,0x00000000d5880000)
  to   space 512K, 0% used [0x00000000d5880000,0x00000000d5880000,0x00000000d5900000)
 ParOldGen       total 430592K, used 430110K [0x0000000080000000, 0x000000009a480000, 0x00000000d5580000)
  object space 430592K, 99% used [0x0000000080000000,0x000000009a407968,0x000000009a480000)
 Metaspace       used 76921K, committed 78528K, reserved 1179648K
  class space    used 8259K, committed 8960K, reserved 1048576K
}
Event: 89.601 GC heap before
{Heap before GC invocations=383 (full 3):
 PSYoungGen      total 2560K, used 2215K [0x00000000d5580000, 0x00000000d5900000, 0x0000000100000000)
  eden space 2048K, 100% used [0x00000000d5580000,0x00000000d5780000,0x00000000d5780000)
  from space 512K, 32% used [0x00000000d5800000,0x00000000d5829e90,0x00000000d5880000)
  to   space 512K, 0% used [0x00000000d5880000,0x00000000d5880000,0x00000000d5900000)
 ParOldGen       total 430592K, used 430110K [0x0000000080000000, 0x000000009a480000, 0x00000000d5580000)
  object space 430592K, 99% used [0x0000000080000000,0x000000009a407968,0x000000009a480000)
 Metaspace       used 77076K, committed 78656K, reserved 1179648K
  class space    used 8273K, committed 8960K, reserved 1048576K
}
Event: 89.604 GC heap after
{Heap after GC invocations=383 (full 3):
 PSYoungGen      total 2560K, used 160K [0x00000000d5580000, 0x00000000d5900000, 0x0000000100000000)
  eden space 2048K, 0% used [0x00000000d5580000,0x00000000d5580000,0x00000000d5780000)
  from space 512K, 31% used [0x00000000d5880000,0x00000000d58a8000,0x00000000d5900000)
  to   space 512K, 0% used [0x00000000d5800000,0x00000000d5800000,0x00000000d5880000)
 ParOldGen       total 430592K, used 430250K [0x0000000080000000, 0x000000009a480000, 0x00000000d5580000)
  object space 430592K, 99% used [0x0000000080000000,0x000000009a42ab28,0x000000009a480000)
 Metaspace       used 77076K, committed 78656K, reserved 1179648K
  class space    used 8273K, committed 8960K, reserved 1048576K
}
Event: 366.316 GC heap before
{Heap before GC invocations=384 (full 3):
 PSYoungGen      total 2560K, used 2208K [0x00000000d5580000, 0x00000000d5900000, 0x0000000100000000)
  eden space 2048K, 100% used [0x00000000d5580000,0x00000000d5780000,0x00000000d5780000)
  from space 512K, 31% used [0x00000000d5880000,0x00000000d58a8000,0x00000000d5900000)
  to   space 512K, 0% used [0x00000000d5800000,0x00000000d5800000,0x00000000d5880000)
 ParOldGen       total 430592K, used 430250K [0x0000000080000000, 0x000000009a480000, 0x00000000d5580000)
  object space 430592K, 99% used [0x0000000080000000,0x000000009a42ab28,0x000000009a480000)
 Metaspace       used 77190K, committed 78784K, reserved 1179648K
  class space    used 8285K, committed 8960K, reserved 1048576K
}
Event: 366.323 GC heap after
{Heap after GC invocations=384 (full 3):
 PSYoungGen      total 2560K, used 387K [0x00000000d5580000, 0x00000000d5900000, 0x0000000100000000)
  eden space 2048K, 0% used [0x00000000d5580000,0x00000000d5580000,0x00000000d5780000)
  from space 512K, 75% used [0x00000000d5800000,0x00000000d5860df8,0x00000000d5880000)
  to   space 512K, 0% used [0x00000000d5880000,0x00000000d5880000,0x00000000d5900000)
 ParOldGen       total 430592K, used 430301K [0x0000000080000000, 0x000000009a480000, 0x00000000d5580000)
  object space 430592K, 99% used [0x0000000080000000,0x000000009a437730,0x000000009a480000)
 Metaspace       used 77190K, committed 78784K, reserved 1179648K
  class space    used 8285K, committed 8960K, reserved 1048576K
}

Dll operation events (20 events):
Event: 1.151 Attempting to load shared library C:\Users\vikas\.vscode\extensions\redhat.java-1.56.0-win32-x64\jre\21.0.12.1-win32-x86_64\bin\nio.dll
Event: 1.153 Loaded shared library C:\Users\vikas\.vscode\extensions\redhat.java-1.56.0-win32-x64\jre\21.0.12.1-win32-x86_64\bin\nio.dll
Event: 1.160 Attempting to load shared library C:\Users\vikas\.vscode\extensions\redhat.java-1.56.0-win32-x64\jre\21.0.12.1-win32-x86_64\bin\zip.dll
Event: 1.160 Loaded shared library C:\Users\vikas\.vscode\extensions\redhat.java-1.56.0-win32-x64\jre\21.0.12.1-win32-x86_64\bin\zip.dll
Event: 1.541 Attempting to load shared library C:\Users\vikas\.vscode\extensions\redhat.java-1.56.0-win32-x64\jre\21.0.12.1-win32-x86_64\bin\jimage.dll
Event: 1.541 Loaded shared library C:\Users\vikas\.vscode\extensions\redhat.java-1.56.0-win32-x64\jre\21.0.12.1-win32-x86_64\bin\jimage.dll
Event: 1.891 Attempting to load shared library c:\Users\vikas\.vscode\extensions\redhat.java-1.56.0-win32-x64\jre\21.0.12.1-win32-x86_64\bin\verify.dll
Event: 1.892 Loaded shared library c:\Users\vikas\.vscode\extensions\redhat.java-1.56.0-win32-x64\jre\21.0.12.1-win32-x86_64\bin\verify.dll
Event: 10.052 Attempting to load shared library C:\Users\vikas\AppData\Roaming\Code\User\globalStorage\redhat.java\1.56.0\config_win\org.eclipse.equinox.launcher\org.eclipse.equinox.launcher.win32.win32.x86_64_1.3.100.v20260804-1928\eclipse_11924.dll
Event: 10.059 Loaded shared library C:\Users\vikas\AppData\Roaming\Code\User\globalStorage\redhat.java\1.56.0\config_win\org.eclipse.equinox.launcher\org.eclipse.equinox.launcher.win32.win32.x86_64_1.3.100.v20260804-1928\eclipse_11924.dll
Event: 26.114 Attempting to load shared library C:\Users\vikas\.vscode\extensions\redhat.java-1.56.0-win32-x64\jre\21.0.12.1-win32-x86_64\bin\management.dll
Event: 26.117 Loaded shared library C:\Users\vikas\.vscode\extensions\redhat.java-1.56.0-win32-x64\jre\21.0.12.1-win32-x86_64\bin\management.dll
Event: 26.132 Attempting to load shared library C:\Users\vikas\.vscode\extensions\redhat.java-1.56.0-win32-x64\jre\21.0.12.1-win32-x86_64\bin\management_ext.dll
Event: 26.132 Loaded shared library C:\Users\vikas\.vscode\extensions\redhat.java-1.56.0-win32-x64\jre\21.0.12.1-win32-x86_64\bin\management_ext.dll
Event: 32.242 Attempting to load shared library C:\Users\vikas\AppData\Local\Temp\jna-112209482\jna12197613612451528706.dll
Event: 32.467 Loaded shared library C:\Users\vikas\AppData\Local\Temp\jna-112209482\jna12197613612451528706.dll
Event: 34.318 Attempting to load shared library C:\Users\vikas\.vscode\extensions\redhat.java-1.56.0-win32-x64\jre\21.0.12.1-win32-x86_64\bin\sunmscapi.dll
Event: 34.559 Loaded shared library C:\Users\vikas\.vscode\extensions\redhat.java-1.56.0-win32-x64\jre\21.0.12.1-win32-x86_64\bin\sunmscapi.dll
Event: 35.044 Attempting to load shared library C:\Users\vikas\.vscode\extensions\redhat.java-1.56.0-win32-x64\jre\21.0.12.1-win32-x86_64\bin\extnet.dll
Event: 35.122 Loaded shared library C:\Users\vikas\.vscode\extensions\redhat.java-1.56.0-win32-x64\jre\21.0.12.1-win32-x86_64\bin\extnet.dll

Deoptimization events (20 events):
Event: 89.486 Thread 0x0000020a6c658bd0 Uncommon trap: trap_request=0xffffff45 fr.pc=0x0000020a1ee13790 relative=0x0000000000000510
Event: 89.486 Thread 0x0000020a6c658bd0 Uncommon trap: reason=unstable_if action=reinterpret pc=0x0000020a1ee13790 method=java.lang.reflect.Field.declaredAnnotations()Ljava/util/Map; @ 19 c2
Event: 89.486 Thread 0x0000020a6c658bd0 DEOPT PACKING pc=0x0000020a1ee13790 sp=0x0000003b122fd010
Event: 89.486 Thread 0x0000020a6c658bd0 DEOPT UNPACKING pc=0x0000020a1e463aa2 sp=0x0000003b122fcf48 mode 2
Event: 89.506 Thread 0x0000020a6c658bd0 Uncommon trap: trap_request=0xffffffc6 fr.pc=0x0000020a1ede6ab8 relative=0x0000000000000e78
Event: 89.506 Thread 0x0000020a6c658bd0 Uncommon trap: reason=bimorphic_or_optimized_type_check action=maybe_recompile pc=0x0000020a1ede6ab8 method=java.util.concurrent.ConcurrentHashMap.putVal(Ljava/lang/Object;Ljava/lang/Object;Z)Ljava/lang/Object; @ 242 c2
Event: 89.506 Thread 0x0000020a6c658bd0 DEOPT PACKING pc=0x0000020a1ede6ab8 sp=0x0000003b122fe220
Event: 89.506 Thread 0x0000020a6c658bd0 DEOPT UNPACKING pc=0x0000020a1e463aa2 sp=0x0000003b122fe1a0 mode 2
Event: 89.506 Thread 0x0000020a6c658bd0 Uncommon trap: trap_request=0xffffffc6 fr.pc=0x0000020a1ede6ab8 relative=0x0000000000000e78
Event: 89.506 Thread 0x0000020a6c658bd0 Uncommon trap: reason=bimorphic_or_optimized_type_check action=maybe_recompile pc=0x0000020a1ede6ab8 method=java.util.concurrent.ConcurrentHashMap.putVal(Ljava/lang/Object;Ljava/lang/Object;Z)Ljava/lang/Object; @ 242 c2
Event: 89.506 Thread 0x0000020a6c658bd0 DEOPT PACKING pc=0x0000020a1ede6ab8 sp=0x0000003b122fe220
Event: 89.506 Thread 0x0000020a6c658bd0 DEOPT UNPACKING pc=0x0000020a1e463aa2 sp=0x0000003b122fe1a0 mode 2
Event: 89.949 Thread 0x0000020a6c6598f0 Uncommon trap: trap_request=0xffffff45 fr.pc=0x0000020a1ee16744 relative=0x0000000000000364
Event: 89.949 Thread 0x0000020a6c6598f0 Uncommon trap: reason=unstable_if action=reinterpret pc=0x0000020a1ee16744 method=java.lang.Module.getLayer()Ljava/lang/ModuleLayer; @ 13 c2
Event: 89.949 Thread 0x0000020a6c6598f0 DEOPT PACKING pc=0x0000020a1ee16744 sp=0x0000003b121fd8b0
Event: 89.949 Thread 0x0000020a6c6598f0 DEOPT UNPACKING pc=0x0000020a1e463aa2 sp=0x0000003b121fd780 mode 2
Event: 89.950 Thread 0x0000020a6c6598f0 Uncommon trap: trap_request=0xffffff45 fr.pc=0x0000020a1ee16078 relative=0x00000000000000b8
Event: 89.950 Thread 0x0000020a6c6598f0 Uncommon trap: reason=unstable_if action=reinterpret pc=0x0000020a1ee16078 method=java.lang.Module.getLayer()Ljava/lang/ModuleLayer; @ 13 c2
Event: 89.950 Thread 0x0000020a6c6598f0 DEOPT PACKING pc=0x0000020a1ee16078 sp=0x0000003b121fd7f0
Event: 89.950 Thread 0x0000020a6c6598f0 DEOPT UNPACKING pc=0x0000020a1e463aa2 sp=0x0000003b121fd778 mode 2

Classes loaded (20 events):
Event: 67.692 Loading class java/util/concurrent/CompletableFuture$UniExceptionally
Event: 67.693 Loading class java/util/concurrent/CompletableFuture$UniExceptionally done
Event: 67.983 Loading class java/lang/UnsupportedClassVersionError
Event: 67.983 Loading class java/lang/UnsupportedClassVersionError done
Event: 68.787 Loading class java/util/stream/ReduceOps$5
Event: 68.788 Loading class java/util/stream/ReduceOps$5 done
Event: 68.788 Loading class java/util/stream/ReduceOps$CountingSink$OfRef
Event: 68.788 Loading class java/util/stream/ReduceOps$CountingSink
Event: 68.788 Loading class java/util/stream/ReduceOps$CountingSink done
Event: 68.788 Loading class java/util/stream/ReduceOps$CountingSink$OfRef done
Event: 68.891 Loading class java/util/stream/ReduceOps$1
Event: 68.891 Loading class java/util/stream/ReduceOps$1 done
Event: 68.891 Loading class java/util/stream/ReduceOps$1ReducingSink
Event: 68.891 Loading class java/util/stream/ReduceOps$1ReducingSink done
Event: 89.013 Loading class jdk/internal/ref/CleanerImpl$InnocuousThreadFactory
Event: 89.013 Loading class jdk/internal/ref/CleanerImpl$InnocuousThreadFactory done
Event: 89.546 Loading class javax/xml/transform/TransformerConfigurationException
Event: 89.546 Loading class javax/xml/transform/TransformerConfigurationException done
Event: 89.592 Loading class java/util/LinkedList$LLSpliterator
Event: 89.595 Loading class java/util/LinkedList$LLSpliterator done

Classes unloaded (11 events):
Event: 27.991 Thread 0x0000020a13d80b90 Unloading class 0x0000020a2c1b5000 'java/lang/invoke/LambdaForm$MH+0x0000020a2c1b5000'
Event: 27.991 Thread 0x0000020a13d80b90 Unloading class 0x0000020a2c1b4c00 'java/lang/invoke/LambdaForm$MH+0x0000020a2c1b4c00'
Event: 27.991 Thread 0x0000020a13d80b90 Unloading class 0x0000020a2c1b4800 'java/lang/invoke/LambdaForm$MH+0x0000020a2c1b4800'
Event: 27.991 Thread 0x0000020a13d80b90 Unloading class 0x0000020a2c1b4400 'java/lang/invoke/LambdaForm$MH+0x0000020a2c1b4400'
Event: 27.991 Thread 0x0000020a13d80b90 Unloading class 0x0000020a2c1b4000 'java/lang/invoke/LambdaForm$BMH+0x0000020a2c1b4000'
Event: 27.991 Thread 0x0000020a13d80b90 Unloading class 0x0000020a2c1b3c00 'java/lang/invoke/LambdaForm$DMH+0x0000020a2c1b3c00'
Event: 27.991 Thread 0x0000020a13d80b90 Unloading class 0x0000020a2c1b2800 'java/lang/invoke/LambdaForm$DMH+0x0000020a2c1b2800'
Event: 32.712 Thread 0x0000020a13d80b90 Unloading class 0x0000020a2c2d2400 'java/lang/invoke/LambdaForm$MH+0x0000020a2c2d2400'
Event: 32.712 Thread 0x0000020a13d80b90 Unloading class 0x0000020a2c2cc800 'java/lang/invoke/LambdaForm$DMH+0x0000020a2c2cc800'
Event: 60.260 Thread 0x0000020a13d80b90 Unloading class 0x0000020a2c6acc00 'java/lang/invoke/LambdaForm$DMH+0x0000020a2c6acc00'
Event: 60.260 Thread 0x0000020a13d80b90 Unloading class 0x0000020a2c6ac800 'java/lang/invoke/LambdaForm$DMH+0x0000020a2c6ac800'

Classes redefined (0 events):
No events

Internal exceptions (20 events):
Event: 69.072 Thread 0x0000020a72377cc0 Exception <a 'java/lang/NullPointerException'{0x00000000d65b44a8}> (0x00000000d65b44a8) 
thrown [s\src\hotspot\share\runtime\sharedRuntime.cpp, line 625]
Event: 69.072 Thread 0x0000020a72377cc0 Implicit null exception at 0x0000020a185127a1 to 0x0000020a1851299d
Event: 69.072 Thread 0x0000020a72377cc0 Exception <a 'java/lang/NullPointerException'{0x00000000d65b4900}> (0x00000000d65b4900) 
thrown [s\src\hotspot\share\runtime\sharedRuntime.cpp, line 625]
Event: 69.836 Thread 0x0000020a6c658bd0 Exception <a 'java/lang/ArrayIndexOutOfBoundsException'{0x00000000d564e1e8}> (0x00000000d564e1e8) 
thrown [s\src\hotspot\share\runtime\sharedRuntime.cpp, line 625]
Event: 78.811 Thread 0x0000020a71718640 Implicit null exception at 0x0000020a1f068f5e to 0x0000020a1f06d874
Event: 79.812 Thread 0x0000020a71718640 Implicit null exception at 0x0000020a1f07b55f to 0x0000020a1f080784
Event: 87.545 Thread 0x0000020a71718640 Exception <a 'sun/nio/fs/WindowsException'{0x00000000d558d4c8}> (0x00000000d558d4c8) 
thrown [s\src\hotspot\share\prims\jni.cpp, line 520]
Event: 87.703 Thread 0x0000020a71718640 Exception <a 'sun/nio/fs/WindowsException'{0x00000000d561b280}> (0x00000000d561b280) 
thrown [s\src\hotspot\share\prims\jni.cpp, line 520]
Event: 88.545 Thread 0x0000020a6c659260 Exception <a 'java/lang/ArrayIndexOutOfBoundsException'{0x00000000d5584948}> (0x00000000d5584948) 
thrown [s\src\hotspot\share\runtime\sharedRuntime.cpp, line 625]
Event: 89.092 Thread 0x0000020a6c6598f0 Exception <a 'java/lang/NoSuchMethodError'{0x00000000d55ab558}: 'java.lang.Object java.lang.invoke.DirectMethodHandle$Holder.invokeStaticInit(java.lang.Object, java.lang.Object, java.lang.Object)'> (0x00000000d55ab558) 
thrown [s\src\hotspot\share\interpreter\linkResolver.cpp, line 773]
Event: 89.289 Thread 0x0000020a6c6598f0 Exception <a 'sun/nio/fs/WindowsException'{0x00000000d55db0c0}> (0x00000000d55db0c0) 
thrown [s\src\hotspot\share\prims\jni.cpp, line 520]
Event: 89.289 Thread 0x0000020a6c6598f0 Exception <a 'sun/nio/fs/WindowsException'{0x00000000d55db9a0}> (0x00000000d55db9a0) 
thrown [s\src\hotspot\share\prims\jni.cpp, line 520]
Event: 89.290 Thread 0x0000020a6c6598f0 Exception <a 'sun/nio/fs/WindowsException'{0x00000000d561e838}> (0x00000000d561e838) 
thrown [s\src\hotspot\share\prims\jni.cpp, line 520]
Event: 89.290 Thread 0x0000020a6c6598f0 Exception <a 'sun/nio/fs/WindowsException'{0x00000000d561f118}> (0x00000000d561f118) 
thrown [s\src\hotspot\share\prims\jni.cpp, line 520]
Event: 89.303 Thread 0x0000020a6c6598f0 Exception <a 'sun/nio/fs/WindowsException'{0x00000000d5620900}> (0x00000000d5620900) 
thrown [s\src\hotspot\share\prims\jni.cpp, line 520]
Event: 89.303 Thread 0x0000020a6c6598f0 Exception <a 'sun/nio/fs/WindowsException'{0x00000000d56211e0}> (0x00000000d56211e0) 
thrown [s\src\hotspot\share\prims\jni.cpp, line 520]
Event: 89.304 Thread 0x0000020a6c6598f0 Exception <a 'sun/nio/fs/WindowsException'{0x00000000d565eef0}> (0x00000000d565eef0) 
thrown [s\src\hotspot\share\prims\jni.cpp, line 520]
Event: 89.304 Thread 0x0000020a6c6598f0 Exception <a 'sun/nio/fs/WindowsException'{0x00000000d565f520}> (0x00000000d565f520) 
thrown [s\src\hotspot\share\prims\jni.cpp, line 520]
Event: 366.325 Thread 0x0000020a72377cc0 Exception <a 'sun/nio/fs/WindowsException'{0x00000000d5580378}> (0x00000000d5580378) 
thrown [s\src\hotspot\share\prims\jni.cpp, line 520]
Event: 366.325 Thread 0x0000020a72377cc0 Exception <a 'sun/nio/fs/WindowsException'{0x00000000d5580ec8}> (0x00000000d5580ec8) 
thrown [s\src\hotspot\share\prims\jni.cpp, line 520]

ZGC Phase Switch (0 events):
No events

VM Operations (20 events):
Event: 300.779 Executing non-safepoint VM operation: RendezvousGCThreads
Event: 300.779 Executing non-safepoint VM operation: RendezvousGCThreads done
Event: 326.997 Executing safepoint VM operation: Cleanup
Event: 326.997 Executing safepoint VM operation: Cleanup done
Event: 360.997 Executing non-safepoint VM operation: HandshakeAllThreads (HandshakeForDeflation)
Event: 360.997 Executing non-safepoint VM operation: HandshakeAllThreads (HandshakeForDeflation) done
Event: 360.997 Executing non-safepoint VM operation: RendezvousGCThreads
Event: 360.997 Executing non-safepoint VM operation: RendezvousGCThreads done
Event: 366.316 Executing safepoint VM operation: ParallelGCFailedAllocation (Allocation Failure)
Event: 366.323 Executing safepoint VM operation: ParallelGCFailedAllocation (Allocation Failure) done
Event: 366.358 Executing non-safepoint VM operation: HandshakeAllThreads (Deoptimize)
Event: 366.358 Executing non-safepoint VM operation: HandshakeAllThreads (Deoptimize) done
Event: 367.360 Executing safepoint VM operation: Cleanup
Event: 367.360 Executing safepoint VM operation: Cleanup done
Event: 421.174 Executing non-safepoint VM operation: HandshakeAllThreads (HandshakeForDeflation)
Event: 421.174 Executing non-safepoint VM operation: HandshakeAllThreads (HandshakeForDeflation) done
Event: 421.181 Executing non-safepoint VM operation: RendezvousGCThreads
Event: 421.181 Executing non-safepoint VM operation: RendezvousGCThreads done
Event: 432.258 Executing safepoint VM operation: Cleanup
Event: 432.258 Executing safepoint VM operation: Cleanup done

Memory protections (0 events):
No events

Nmethod flushes (20 events):
Event: 60.298 Thread 0x0000020a13d80b90 flushing  nmethod 0x0000020a17902b90
Event: 60.298 Thread 0x0000020a13d80b90 flushing  nmethod 0x0000020a17904110
Event: 60.298 Thread 0x0000020a13d80b90 flushing  nmethod 0x0000020a1791fc90
Event: 60.298 Thread 0x0000020a13d80b90 flushing  nmethod 0x0000020a17920210
Event: 60.298 Thread 0x0000020a13d80b90 flushing  nmethod 0x0000020a17922890
Event: 60.298 Thread 0x0000020a13d80b90 flushing  nmethod 0x0000020a1792ef10
Event: 60.298 Thread 0x0000020a13d80b90 flushing  nmethod 0x0000020a1792f510
Event: 60.298 Thread 0x0000020a13d80b90 flushing  nmethod 0x0000020a17931b10
Event: 60.298 Thread 0x0000020a13d80b90 flushing  nmethod 0x0000020a1793ab10
Event: 60.298 Thread 0x0000020a13d80b90 flushing  nmethod 0x0000020a1793bf10
Event: 60.298 Thread 0x0000020a13d80b90 flushing  nmethod 0x0000020a1794bf10
Event: 60.298 Thread 0x0000020a13d80b90 flushing  nmethod 0x0000020a17952290
Event: 60.298 Thread 0x0000020a13d80b90 flushing  nmethod 0x0000020a17962790
Event: 60.298 Thread 0x0000020a13d80b90 flushing  nmethod 0x0000020a17964090
Event: 60.298 Thread 0x0000020a13d80b90 flushing  nmethod 0x0000020a17964690
Event: 60.298 Thread 0x0000020a13d80b90 flushing  nmethod 0x0000020a17968810
Event: 60.298 Thread 0x0000020a13d80b90 flushing  nmethod 0x0000020a1796c690
Event: 60.298 Thread 0x0000020a13d80b90 flushing  nmethod 0x0000020a1798fc10
Event: 60.298 Thread 0x0000020a13d80b90 flushing  nmethod 0x0000020a17993410
Event: 60.298 Thread 0x0000020a13d80b90 flushing  nmethod 0x0000020a179bf010

Events (20 events):
Event: 149.259 Thread 0x0000020a7171a080 Thread exited: 0x0000020a7171a080
Event: 149.260 Thread 0x0000020a71719360 Thread exited: 0x0000020a71719360
Event: 150.618 Thread 0x0000020a6c6598f0 Thread exited: 0x0000020a6c6598f0
Event: 185.208 Thread 0x0000020a7237b7d0 Thread exited: 0x0000020a7237b7d0
Event: 210.626 Thread 0x0000020a6c659260 Thread exited: 0x0000020a6c659260
Event: 245.216 Thread 0x0000020a72379070 Thread exited: 0x0000020a72379070
Event: 270.626 Thread 0x0000020a6c658bd0 Thread exited: 0x0000020a6c658bd0
Event: 305.222 Thread 0x0000020a7237a420 Thread exited: 0x0000020a7237a420
Event: 366.038 Thread 0x0000020a72379700 Thread exited: 0x0000020a72379700
Event: 366.054 Thread 0x0000020a723789e0 Thread exited: 0x0000020a723789e0
Event: 366.311 Thread 0x0000020a72377cc0 Thread added: 0x0000020a6c658bd0
Event: 366.312 Thread 0x0000020a6c658bd0 Thread exited: 0x0000020a6c658bd0
Event: 366.328 Thread 0x0000020a72377cc0 Thread added: 0x0000020a6c65b330
Event: 366.329 Thread 0x0000020a6c65b330 Thread exited: 0x0000020a6c65b330
Event: 366.465 Thread 0x0000020a72377cc0 Thread added: 0x0000020a6c658bd0
Event: 368.177 Thread 0x0000020a7237d210 Thread exited: 0x0000020a7237d210
Event: 368.226 Thread 0x0000020a7237cb80 Thread exited: 0x0000020a7237cb80
Event: 388.602 Thread 0x0000020a7237c4f0 Thread exited: 0x0000020a7237c4f0
Event: 426.478 Thread 0x0000020a71717920 Thread exited: 0x0000020a71717920
Event: 432.198 Thread 0x0000020a7237aab0 Thread added: 0x0000020a6c659f80


Dynamic libraries:
0x00007ff74b140000 - 0x00007ff74b14e000 	c:\Users\vikas\.vscode\extensions\redhat.java-1.56.0-win32-x64\jre\21.0.12.1-win32-x86_64\bin\java.exe
0x00007fff59e00000 - 0x00007fff5a067000 	C:\WINDOWS\SYSTEM32\ntdll.dll
0x00007fff57b50000 - 0x00007fff57c1b000 	C:\WINDOWS\System32\KERNEL32.DLL
0x00007fff57130000 - 0x00007fff57532000 	C:\WINDOWS\System32\KERNELBASE.dll
0x00007fff57600000 - 0x00007fff5774c000 	C:\WINDOWS\System32\ucrtbase.dll
0x00007fff48e00000 - 0x00007fff48e18000 	c:\Users\vikas\.vscode\extensions\redhat.java-1.56.0-win32-x64\jre\21.0.12.1-win32-x86_64\bin\jli.dll
0x00007fff597c0000 - 0x00007fff5998f000 	C:\WINDOWS\System32\USER32.dll
0x00007fff577f0000 - 0x00007fff57817000 	C:\WINDOWS\System32\win32u.dll
0x00007fff57b20000 - 0x00007fff57b4b000 	C:\WINDOWS\System32\GDI32.dll
0x00007fff57000000 - 0x00007fff57129000 	C:\WINDOWS\System32\gdi32full.dll
0x00007fff57a70000 - 0x00007fff57b13000 	C:\WINDOWS\System32\msvcp_win.dll
0x00007fff40050000 - 0x00007fff4006e000 	c:\Users\vikas\.vscode\extensions\redhat.java-1.56.0-win32-x64\jre\21.0.12.1-win32-x86_64\bin\VCRUNTIME140.dll
0x00007fff404a0000 - 0x00007fff40730000 	C:\WINDOWS\WinSxS\amd64_microsoft.windows.common-controls_6595b64144ccf1df_6.0.26100.9278_none_3e0d1ba8e3303201\COMCTL32.dll
0x00007fff59040000 - 0x00007fff590e9000 	C:\WINDOWS\System32\msvcrt.dll
0x00007fff59180000 - 0x00007fff591b1000 	C:\WINDOWS\System32\IMM32.DLL
0x00007fff3ff10000 - 0x00007fff3ff1c000 	c:\Users\vikas\.vscode\extensions\redhat.java-1.56.0-win32-x64\jre\21.0.12.1-win32-x86_64\bin\vcruntime140_1.dll
0x00007fff3dd60000 - 0x00007fff3dded000 	c:\Users\vikas\.vscode\extensions\redhat.java-1.56.0-win32-x64\jre\21.0.12.1-win32-x86_64\bin\msvcp140.dll
0x00007ffe86ce0000 - 0x00007ffe87a82000 	c:\Users\vikas\.vscode\extensions\redhat.java-1.56.0-win32-x64\jre\21.0.12.1-win32-x86_64\bin\server\jvm.dll
0x00007fff59590000 - 0x00007fff5964c000 	C:\WINDOWS\System32\ADVAPI32.dll
0x00007fff59330000 - 0x00007fff593d9000 	C:\WINDOWS\System32\sechost.dll
0x00007fff58260000 - 0x00007fff58378000 	C:\WINDOWS\System32\RPCRT4.dll
0x00007fff57d40000 - 0x00007fff57dc0000 	C:\WINDOWS\System32\WS2_32.dll
0x00007fff56e80000 - 0x00007fff56ede000 	C:\WINDOWS\SYSTEM32\POWRPROF.dll
0x00007fff511d0000 - 0x00007fff51206000 	C:\WINDOWS\SYSTEM32\WINMM.dll
0x00007fff51210000 - 0x00007fff5121b000 	C:\WINDOWS\SYSTEM32\VERSION.dll
0x00007fff56e60000 - 0x00007fff56e75000 	C:\WINDOWS\SYSTEM32\UMPDC.dll
0x00007fff55cd0000 - 0x00007fff55ceb000 	C:\WINDOWS\SYSTEM32\kernel.appcore.dll
0x00007fff40420000 - 0x00007fff4042a000 	c:\Users\vikas\.vscode\extensions\redhat.java-1.56.0-win32-x64\jre\21.0.12.1-win32-x86_64\bin\jimage.dll
0x00007fff3f320000 - 0x00007fff3f56c000 	C:\WINDOWS\SYSTEM32\DBGHELP.DLL
0x00007fff58cb0000 - 0x00007fff59035000 	C:\WINDOWS\System32\combase.dll
0x00007fff591e0000 - 0x00007fff592b9000 	C:\WINDOWS\System32\OLEAUT32.dll
0x00007fff3fe30000 - 0x00007fff3fe6b000 	C:\WINDOWS\SYSTEM32\dbgcore.DLL
0x00007fff579b0000 - 0x00007fff57a5c000 	C:\WINDOWS\System32\bcryptPrimitives.dll
0x00007fff403f0000 - 0x00007fff403ff000 	c:\Users\vikas\.vscode\extensions\redhat.java-1.56.0-win32-x64\jre\21.0.12.1-win32-x86_64\bin\instrument.dll
0x00007fff3feb0000 - 0x00007fff3fed0000 	c:\Users\vikas\.vscode\extensions\redhat.java-1.56.0-win32-x64\jre\21.0.12.1-win32-x86_64\bin\java.dll
0x00007fff58510000 - 0x00007fff58ca8000 	C:\WINDOWS\System32\SHELL32.dll
0x00007fff54aa0000 - 0x00007fff5534e000 	C:\WINDOWS\SYSTEM32\windows.storage.dll
0x00007fff59c40000 - 0x00007fff59d3b000 	C:\WINDOWS\System32\SHCORE.dll
0x00007fff592c0000 - 0x00007fff59326000 	C:\WINDOWS\System32\shlwapi.dll
0x00007fff56f20000 - 0x00007fff56f49000 	C:\WINDOWS\SYSTEM32\profapi.dll
0x00007fff3de80000 - 0x00007fff3de98000 	c:\Users\vikas\.vscode\extensions\redhat.java-1.56.0-win32-x64\jre\21.0.12.1-win32-x86_64\bin\zip.dll
0x00007fff3fe70000 - 0x00007fff3fe80000 	C:\Users\vikas\.vscode\extensions\redhat.java-1.56.0-win32-x64\jre\21.0.12.1-win32-x86_64\bin\net.dll
0x00007fff4e8d0000 - 0x00007fff4e9fa000 	C:\WINDOWS\SYSTEM32\WINHTTP.dll
0x00007fff56290000 - 0x00007fff562fc000 	C:\WINDOWS\system32\mswsock.dll
0x00007fff372c0000 - 0x00007fff372d6000 	C:\Users\vikas\.vscode\extensions\redhat.java-1.56.0-win32-x64\jre\21.0.12.1-win32-x86_64\bin\nio.dll
0x00007fff40410000 - 0x00007fff40420000 	c:\Users\vikas\.vscode\extensions\redhat.java-1.56.0-win32-x64\jre\21.0.12.1-win32-x86_64\bin\verify.dll
0x00007fff28a30000 - 0x00007fff28a75000 	C:\Users\vikas\AppData\Roaming\Code\User\globalStorage\redhat.java\1.56.0\config_win\org.eclipse.equinox.launcher\org.eclipse.equinox.launcher.win32.win32.x86_64_1.3.100.v20260804-1928\eclipse_11924.dll
0x00007fff593e0000 - 0x00007fff5957a000 	C:\WINDOWS\System32\ole32.dll
0x00007fff40400000 - 0x00007fff4040a000 	C:\Users\vikas\.vscode\extensions\redhat.java-1.56.0-win32-x64\jre\21.0.12.1-win32-x86_64\bin\management.dll
0x00007fff3ff00000 - 0x00007fff3ff0c000 	C:\Users\vikas\.vscode\extensions\redhat.java-1.56.0-win32-x64\jre\21.0.12.1-win32-x86_64\bin\management_ext.dll
0x00007fff58500000 - 0x00007fff58508000 	C:\WINDOWS\System32\PSAPI.DLL
0x00007fff56580000 - 0x00007fff5659b000 	C:\WINDOWS\SYSTEM32\CRYPTSP.dll
0x00007fff55c30000 - 0x00007fff55c69000 	C:\WINDOWS\system32\rsaenh.dll
0x00007fff56340000 - 0x00007fff56374000 	C:\WINDOWS\SYSTEM32\USERENV.dll
0x00007fff56ef0000 - 0x00007fff56f1a000 	C:\WINDOWS\SYSTEM32\bcrypt.dll
0x00007fff565a0000 - 0x00007fff565ac000 	C:\WINDOWS\SYSTEM32\CRYPTBASE.dll
0x00007fff556a0000 - 0x00007fff556d3000 	C:\WINDOWS\SYSTEM32\IPHLPAPI.DLL
0x00007fff59580000 - 0x00007fff5958a000 	C:\WINDOWS\System32\NSI.dll
0x00007fff195f0000 - 0x00007fff19639000 	C:\Users\vikas\AppData\Local\Temp\jna-112209482\jna12197613612451528706.dll
0x00007fff4e8a0000 - 0x00007fff4e8bd000 	C:\WINDOWS\SYSTEM32\dhcpcsvc6.DLL
0x00007fff4e870000 - 0x00007fff4e895000 	C:\WINDOWS\SYSTEM32\dhcpcsvc.DLL
0x00007fff3fef0000 - 0x00007fff3fefe000 	C:\Users\vikas\.vscode\extensions\redhat.java-1.56.0-win32-x64\jre\21.0.12.1-win32-x86_64\bin\sunmscapi.dll
0x00007fff57820000 - 0x00007fff5799e000 	C:\WINDOWS\System32\CRYPT32.dll
0x00007fff567c0000 - 0x00007fff567f0000 	C:\WINDOWS\SYSTEM32\ncrypt.dll
0x00007fff56770000 - 0x00007fff567af000 	C:\WINDOWS\SYSTEM32\NTASN1.dll
0x00007fff55790000 - 0x00007fff558e8000 	C:\WINDOWS\SYSTEM32\DNSAPI.dll
0x00007fff56090000 - 0x00007fff5609d000 	C:\WINDOWS\SYSTEM32\DSPARSE.dll
0x00007fff4be10000 - 0x00007fff4be1b000 	C:\Windows\System32\rasadhlp.dll
0x00007fff4df60000 - 0x00007fff4dfe6000 	C:\WINDOWS\System32\fwpuclnt.dll
0x00007fff3fee0000 - 0x00007fff3fee9000 	C:\Users\vikas\.vscode\extensions\redhat.java-1.56.0-win32-x64\jre\21.0.12.1-win32-x86_64\bin\extnet.dll

JVMTI agents:
c:\Users\vikas\.vscode\extensions\redhat.java-1.56.0-win32-x64\lombok\lombok-1.18.39-4050.jar path:c:\Users\vikas\.vscode\extensions\redhat.java-1.56.0-win32-x64\jre\21.0.12.1-win32-x86_64\bin\instrument.dll, loaded, initialized, instrumentlib options:none

dbghelp: loaded successfully - version: 4.0.5 - missing functions: none
symbol engine: initialized successfully - sym options: 0x614 - pdb path: .;c:\Users\vikas\.vscode\extensions\redhat.java-1.56.0-win32-x64\jre\21.0.12.1-win32-x86_64\bin;C:\WINDOWS\SYSTEM32;C:\WINDOWS\WinSxS\amd64_microsoft.windows.common-controls_6595b64144ccf1df_6.0.26100.9278_none_3e0d1ba8e3303201;c:\Users\vikas\.vscode\extensions\redhat.java-1.56.0-win32-x64\jre\21.0.12.1-win32-x86_64\bin\server;C:\Users\vikas\AppData\Roaming\Code\User\globalStorage\redhat.java\1.56.0\config_win\org.eclipse.equinox.launcher\org.eclipse.equinox.launcher.win32.win32.x86_64_1.3.100.v20260804-1928;C:\Users\vikas\AppData\Local\Temp\jna-112209482

VM Arguments:
jvm_args: --add-modules=ALL-SYSTEM --add-opens=java.base/java.util=ALL-UNNAMED --add-opens=java.base/java.lang=ALL-UNNAMED --add-opens=java.base/sun.nio.fs=ALL-UNNAMED -Declipse.application=org.eclipse.jdt.ls.core.id1 -Dosgi.bundles.defaultStartLevel=4 -Declipse.product=org.eclipse.jdt.ls.core.product -Djava.import.generatesMetadataFilesAtProjectRoot=false -Dm2e.project.cache.size=50 -DDetectVMInstallationsJob.disabled=true -Dfile.encoding=utf8 -XX:+UseParallelGC -XX:GCTimeRatio=4 -XX:AdaptiveSizePolicyWeight=90 -Dsun.zip.disableMemoryMapping=true -Xmx2G -Xms100m -Xlog:disable -javaagent:c:\Users\vikas\.vscode\extensions\redhat.java-1.56.0-win32-x64\lombok\lombok-1.18.39-4050.jar -XX:+HeapDumpOnOutOfMemoryError -XX:HeapDumpPath=c:\Users\vikas\AppData\Roaming\Code\User\workspaceStorage\981e67a25f5644db602018611c5be947\redhat.java -Daether.dependencyCollector.impl=bf 
java_command: c:\Users\vikas\.vscode\extensions\redhat.java-1.56.0-win32-x64\server\plugins\org.eclipse.equinox.launcher_1.8.0.v20260804-1928.jar -configuration c:\Users\vikas\AppData\Roaming\Code\User\globalStorage\redhat.java\1.56.0\config_win -data c:\Users\vikas\AppData\Roaming\Code\User\workspaceStorage\981e67a25f5644db602018611c5be947\redhat.java\jdt_ws --stdio
java_class_path (initial): c:\Users\vikas\.vscode\extensions\redhat.java-1.56.0-win32-x64\server\plugins\org.eclipse.equinox.launcher_1.8.0.v20260804-1928.jar
Launcher Type: SUN_STANDARD

[Global flags]
    uintx AdaptiveSizePolicyWeight                 = 90                                        {product} {command line}
     intx CICompilerCount                          = 3                                         {product} {ergonomic}
    uintx GCTimeRatio                              = 4                                         {product} {command line}
     bool HeapDumpOnOutOfMemoryError               = true                                   {manageable} {command line}
    ccstr HeapDumpPath                             = c:\Users\vikas\AppData\Roaming\Code\User\workspaceStorage\981e67a25f5644db602018611c5be947\redhat.java         {manageable} {command line}
   size_t InitialHeapSize                          = 104857600                                 {product} {command line}
   size_t MaxHeapSize                              = 2147483648                                {product} {command line}
   size_t MaxNewSize                               = 715653120                                 {product} {ergonomic}
   size_t MinHeapDeltaBytes                        = 524288                                    {product} {ergonomic}
   size_t MinHeapSize                              = 104857600                                 {product} {command line}
   size_t NewSize                                  = 34603008                                  {product} {ergonomic}
    uintx NonNMethodCodeHeapSize                   = 5832780                                {pd product} {ergonomic}
    uintx NonProfiledCodeHeapSize                  = 122912730                              {pd product} {ergonomic}
   size_t OldSize                                  = 70254592                                  {product} {ergonomic}
    uintx ProfiledCodeHeapSize                     = 122912730                              {pd product} {ergonomic}
    uintx ReservedCodeCacheSize                    = 251658240                              {pd product} {ergonomic}
     bool SegmentedCodeCache                       = true                                      {product} {ergonomic}
   size_t SoftMaxHeapSize                          = 2147483648                             {manageable} {ergonomic}
     bool UseCompressedOops                        = true                           {product lp64_product} {ergonomic}
     bool UseLargePagesIndividualAllocation        = false                                  {pd product} {ergonomic}
     bool UseParallelGC                            = true                                      {product} {command line}

Logging:
Log output configuration:
 #0: stdout all=off uptime,level,tags foldmultilines=false
 #1: stderr all=off uptime,level,tags foldmultilines=false

Release file:
JAVA_VERSION="21.0.12.1" 
MODULES="java.base java.compiler java.datatransfer java.xml java.prefs java.desktop java.instrument java.logging java.management java.security.sasl java.naming java.rmi java.management.rmi java.net.http java.scripting java.security.jgss java.transaction.xa java.sql java.sql.rowset java.xml.crypto java.se java.smartcardio jdk.accessibility jdk.internal.jvmstat jdk.attach jdk.charsets jdk.internal.opt jdk.zipfs jdk.compiler jdk.crypto.ec jdk.crypto.cryptoki jdk.crypto.mscapi jdk.dynalink jdk.internal.ed jdk.editpad jdk.hotspot.agent jdk.httpserver jdk.internal.le jdk.internal.vm.ci jdk.internal.vm.compiler jdk.internal.vm.compiler.management jdk.jartool jdk.javadoc jdk.jcmd jdk.management jdk.management.agent jdk.jconsole jdk.jdeps jdk.jdwp.agent jdk.jdi jdk.jfr jdk.jshell jdk.jsobject jdk.jstatd jdk.localedata jdk.management.jfr jdk.naming.dns jdk.naming.rmi jdk.net jdk.nio.mapmode jdk.random jdk.sctp jdk.security.auth jdk.security.jgss jdk.unsupported jdk.unsupported.desktop jdk.xml.dom" 

Environment Variables:
PATH=C:\Python314\Scripts\;C:\Python314\;C:\Program Files\Common Files\Oracle\Java\javapath;C:\WINDOWS\system32;C:\WINDOWS;C:\WINDOWS\System32\Wbem;C:\WINDOWS\System32\WindowsPowerShell\v1.0\;C:\WINDOWS\System32\OpenSSH\;C:\Program Files\Git\cmd;C:\Program Files\nodejs\;C:\ProgramData\chocolatey\bin;C:\Users\vikas\AppData\Local\Programs\Python\Python313\Scripts\;C:\Users\vikas\AppData\Local\Programs\Python\Python313\;C:\Users\vikas\AppData\Local\Microsoft\WindowsApps;C:\Users\vikas\AppData\Local\Programs\Microsoft VS Code\bin;C:\Program Files\Java\jdk-23\bin;C:\Program Files\JetBrains\IntelliJ IDEA Community Edition 2024.3\bin;C:\Users\vikas\AppData\Local\Programs\mongosh\;C:\Users\vikas\AppData\Local\Programs\Kiro\bin;C:\Users\vikas\AppData\Local\Programs\Antigravity\bin;C:\Users\vikas\Downloads\apache-maven-3.9.15-bin\apache-maven-3.9.15\bin;C:\Users\vikas\AppData\Roaming\npm
USERNAME=vikas
OS=Windows_NT
PROCESSOR_IDENTIFIER=AMD64 Family 23 Model 24 Stepping 1, AuthenticAMD
TMP=C:\Users\vikas\AppData\Local\Temp
TEMP=C:\Users\vikas\AppData\Local\Temp




Periodic native trim disabled

---------------  S Y S T E M  ---------------

OS:
 Windows 11 , 64 bit Build 26100 (10.0.26100.9444)
OS uptime: 4 days 12:30 hours

CPU: total 4 (initial active 4) (4 cores per cpu, 2 threads per core) family 23 model 24 stepping 1 microcode 0x8108102, cx8, cmov, fxsr, ht, mmx, 3dnowpref, sse, sse2, sse3, ssse3, sse4a, sse4.1, sse4.2, popcnt, lzcnt, tsc, tscinvbit, avx, avx2, aes, clmul, bmi1, bmi2, adx, sha, fma, vzeroupper, clflush, clflushopt, rdtscp, f16c
Processor Information for the first 4 processors :
  Max Mhz: 2600, Current Mhz: 2600, Mhz Limit: 2600

Memory: 4k page, system-wide physical 6090M (270M free)
TotalPageFile size 12234M (AvailPageFile size 5M)
current process WorkingSet (physical memory assigned to process): 65M, peak: 710M
current process commit charge ("private bytes"): 692M, peak: 717M

vm_info: OpenJDK 64-Bit Server VM (21.0.12.1+1-LTS) for windows-amd64 JRE (21.0.12.1+1-LTS), built on 2026-08-18T00:00:00Z by "admin" with MS VC++ 17.12 (VS2022)

END.
